// Jest Snapshot v1, https://goo.gl/fbAQLP

exports[`Home renders Home 1`] = `
{
  "asFragment": [Function],
  "baseElement": <body>
    <div>
      <div
        class="container"
      >
        <h1
          class="with-bottom-padding"
          id="intro"
        >
          <span
            class="dimmed"
          >
            Welcome back,
          </span>
           
        </h1>
        <div
          class="row"
        >
          <div
            class="column"
          >
            <h2>
              Recent Models
            </h2>
            <div
              class="spacer"
            />
            <p
              class="dimmed"
            >
              Threat models you recently interacted with
            </p>
            <div
              class="MuiPaper-root MuiPaper-elevation MuiPaper-rounded MuiPaper-elevation1 MuiCard-root css-1icxk2q-MuiPaper-root-MuiCard-root"
            >
              <div
                class="MuiCardContent-root css-46bh2p-MuiCardContent-root"
              >
                <ul
                  class="MuiList-root MuiList-padding css-s9wdm0-MuiList-root"
                >
                  <div
                    class="MuiListItemText-root css-tlelie-MuiListItemText-root"
                  >
                    <span
                      class="MuiTypography-root MuiTypography-body1 MuiListItemText-primary css-10hburv-MuiTypography-root"
                    >
                      No models exist
                    </span>
                  </div>
                </ul>
              </div>
            </div>
          </div>
          <div
            class="column"
          >
            <h2>
              Team Systems
            </h2>
            <div
              class="spacer"
            />
            <p
              class="dimmed"
            >
              Systems owned by the accountable teams you're in
            </p>
            <div
              class="teams"
            />
          </div>
        </div>
      </div>
    </div>
  </body>,
  "container": <div>
    <div
      class="container"
    >
      <h1
        class="with-bottom-padding"
        id="intro"
      >
        <span
          class="dimmed"
        >
          Welcome back,
        </span>
         
      </h1>
      <div
        class="row"
      >
        <div
          class="column"
        >
          <h2>
            Recent Models
          </h2>
          <div
            class="spacer"
          />
          <p
            class="dimmed"
          >
            Threat models you recently interacted with
          </p>
          <div
            class="MuiPaper-root MuiPaper-elevation MuiPaper-rounded MuiPaper-elevation1 MuiCard-root css-1icxk2q-MuiPaper-root-MuiCard-root"
          >
            <div
              class="MuiCardContent-root css-46bh2p-MuiCardContent-root"
            >
              <ul
                class="MuiList-root MuiList-padding css-s9wdm0-MuiList-root"
              >
                <div
                  class="MuiListItemText-root css-tlelie-MuiListItemText-root"
                >
                  <span
                    class="MuiTypography-root MuiTypography-body1 MuiListItemText-primary css-10hburv-MuiTypography-root"
                  >
                    No models exist
                  </span>
                </div>
              </ul>
            </div>
          </div>
        </div>
        <div
          class="column"
        >
          <h2>
            Team Systems
          </h2>
          <div
            class="spacer"
          />
          <p
            class="dimmed"
          >
            Systems owned by the accountable teams you're in
          </p>
          <div
            class="teams"
          />
        </div>
      </div>
    </div>
  </div>,
  "debug": [Function],
  "findAllByAltText": [Function],
  "findAllByDisplayValue": [Function],
  "findAllByLabelText": [Function],
  "findAllByPlaceholderText": [Function],
  "findAllByRole": [Function],
  "findAllByTestId": [Function],
  "findAllByText": [Function],
  "findAllByTitle": [Function],
  "findByAltText": [Function],
  "findByDisplayValue": [Function],
  "findByLabelText": [Function],
  "findByPlaceholderText": [Function],
  "findByRole": [Function],
  "findByTestId": [Function],
  "findByText": [Function],
  "findByTitle": [Function],
  "getAllByAltText": [Function],
  "getAllByDisplayValue": [Function],
  "getAllByLabelText": [Function],
  "getAllByPlaceholderText": [Function],
  "getAllByRole": [Function],
  "getAllByTestId": [Function],
  "getAllByText": [Function],
  "getAllByTitle": [Function],
  "getByAltText": [Function],
  "getByDisplayValue": [Function],
  "getByLabelText": [Function],
  "getByPlaceholderText": [Function],
  "getByRole": [Function],
  "getByTestId": [Function],
  "getByText": [Function],
  "getByTitle": [Function],
  "queryAllByAltText": [Function],
  "queryAllByDisplayValue": [Function],
  "queryAllByLabelText": [Function],
  "queryAllByPlaceholderText": [Function],
  "queryAllByRole": [Function],
  "queryAllByTestId": [Function],
  "queryAllByText": [Function],
  "queryAllByTitle": [Function],
  "queryByAltText": [Function],
  "queryByDisplayValue": [Function],
  "queryByLabelText": [Function],
  "queryByPlaceholderText": [Function],
  "queryByRole": [Function],
  "queryByTestId": [Function],
  "queryByText": [Function],
  "queryByTitle": [Function],
  "rerender": [Function],
  "unmount": [Function],
}
`;
